2026-03-16 22:49:49,015 | ERROR | Falló la actualización diaria: HTTPSConnectionPool(host='mem.gob.gt', port=443): Max retries exceeded with url: /que-hacemos/hidrocarburos/comercializacion-downstream/precios-combustible-nacionales/ (Caused by NameResolutionError("HTTPSConnection(host='mem.gob.gt', port=443): Failed to resolve 'mem.gob.gt' ([Errno -3] Temporary failure in name resolution)"))
Traceback (most recent call last):
  File "/opt/pyvenv/lib/python3.13/site-packages/urllib3/connection.py", line 204, in _new_conn
    sock = connection.create_connection(
        (self._dns_host, self.port),
    ...<2 lines>...
        socket_options=self.socket_options,
    )
  File "/opt/pyvenv/lib/python3.13/site-packages/urllib3/util/connection.py", line 60, in create_connection
    for res in socket.getaddrinfo(host, port, family, socket.SOCK_STREAM):
               ~~~~~~~~~~~~~~~~~~^^^^^^^^^^^^^^^^^^^^^^^^^^^^^^^^^^^^^^^^
  File "/usr/lib/python3.13/socket.py", line 977, in getaddrinfo
    for res in _socket.getaddrinfo(host, port, family, type, proto, flags):
               ~~~~~~~~~~~~~~~~~~~^^^^^^^^^^^^^^^^^^^^^^^^^^^^^^^^^^^^^^^^
socket.gaierror: [Errno -3] Temporary failure in name resolution

The above exception was the direct cause of the following exception:

Traceback (most recent call last):
  File "/opt/pyvenv/lib/python3.13/site-packages/urllib3/connectionpool.py", line 787, in urlopen
    response = self._make_request(
        conn,
    ...<10 lines>...
        **response_kw,
    )
  File "/opt/pyvenv/lib/python3.13/site-packages/urllib3/connectionpool.py", line 488, in _make_request
    raise new_e
  File "/opt/pyvenv/lib/python3.13/site-packages/urllib3/connectionpool.py", line 464, in _make_request
    self._validate_conn(conn)
    ~~~~~~~~~~~~~~~~~~~^^^^^^
  File "/opt/pyvenv/lib/python3.13/site-packages/urllib3/connectionpool.py", line 1093, in _validate_conn
    conn.connect()
    ~~~~~~~~~~~~^^
  File "/opt/pyvenv/lib/python3.13/site-packages/urllib3/connection.py", line 759, in connect
    self.sock = sock = self._new_conn()
                       ~~~~~~~~~~~~~~^^
  File "/opt/pyvenv/lib/python3.13/site-packages/urllib3/connection.py", line 211, in _new_conn
    raise NameResolutionError(self.host, self, e) from e
urllib3.exceptions.NameResolutionError: HTTPSConnection(host='mem.gob.gt', port=443): Failed to resolve 'mem.gob.gt' ([Errno -3] Temporary failure in name resolution)

The above exception was the direct cause of the following exception:

Traceback (most recent call last):
  File "/opt/pyvenv/lib/python3.13/site-packages/requests/adapters.py", line 644, in send
    resp = conn.urlopen(
        method=request.method,
    ...<9 lines>...
        chunked=chunked,
    )
  File "/opt/pyvenv/lib/python3.13/site-packages/urllib3/connectionpool.py", line 841, in urlopen
    retries = retries.increment(
        method, url, error=new_e, _pool=self, _stacktrace=sys.exc_info()[2]
    )
  File "/opt/pyvenv/lib/python3.13/site-packages/urllib3/util/retry.py", line 535, in increment
    raise MaxRetryError(_pool, url, reason) from reason  # type: ignore[arg-type]
    ^^^^^^^^^^^^^^^^^^^^^^^^^^^^^^^^^^^^^^^^^^^^^^^^^^^
urllib3.exceptions.MaxRetryError: HTTPSConnectionPool(host='mem.gob.gt', port=443): Max retries exceeded with url: /que-hacemos/hidrocarburos/comercializacion-downstream/precios-combustible-nacionales/ (Caused by NameResolutionError("HTTPSConnection(host='mem.gob.gt', port=443): Failed to resolve 'mem.gob.gt' ([Errno -3] Temporary failure in name resolution)"))

During handling of the above exception, another exception occurred:

Traceback (most recent call last):
  File "/mnt/data/fuel_dashboard_gt/update_prices.py", line 24, in main
    df, source_url = scraper.run("precios_historicos.csv")
                     ~~~~~~~~~~~^^^^^^^^^^^^^^^^^^^^^^^^^^
  File "/mnt/data/fuel_dashboard_gt/scraper.py", line 209, in run
    download_url = find_daily_prices_download_url(session=session)
  File "/mnt/data/fuel_dashboard_gt/scraper.py", line 50, in find_daily_prices_download_url
    response = session.get(MEM_URL, timeout=60)
  File "/opt/pyvenv/lib/python3.13/site-packages/requests/sessions.py", line 602, in get
    return self.request("GET", url, **kwargs)
           ~~~~~~~~~~~~^^^^^^^^^^^^^^^^^^^^^^
  File "/opt/pyvenv/lib/python3.13/site-packages/requests/sessions.py", line 589, in request
    resp = self.send(prep, **send_kwargs)
  File "/opt/pyvenv/lib/python3.13/site-packages/requests/sessions.py", line 703, in send
    r = adapter.send(request, **kwargs)
  File "/opt/pyvenv/lib/python3.13/site-packages/requests/adapters.py", line 677, in send
    raise ConnectionError(e, request=request)
requests.exceptions.ConnectionError: HTTPSConnectionPool(host='mem.gob.gt', port=443): Max retries exceeded with url: /que-hacemos/hidrocarburos/comercializacion-downstream/precios-combustible-nacionales/ (Caused by NameResolutionError("HTTPSConnection(host='mem.gob.gt', port=443): Failed to resolve 'mem.gob.gt' ([Errno -3] Temporary failure in name resolution)"))
2026-03-16 23:13:07,842 | INFO | Enlace del MEM detectado: texto='Precios diarios de combustibles' | href=https://mem.gob.gt/wp-content/uploads/2026/03/PRECIOS-PROMEDIO-NACIONALES-DIARIOS-2026-03-12.xlsx
2026-03-16 23:13:08,799 | INFO | CSV histórico actualizado con 9485 filas desde https://mem.gob.gt/wp-content/uploads/2026/03/PRECIOS-PROMEDIO-NACIONALES-DIARIOS-2026-03-12.xlsx
2026-03-16 23:13:08,890 | INFO | Actualización completada. Filas: 9485 | Fuente: https://mem.gob.gt/wp-content/uploads/2026/03/PRECIOS-PROMEDIO-NACIONALES-DIARIOS-2026-03-12.xlsx
2026-03-17 05:38:24,949 | INFO | Enlace del MEM detectado: texto='Precios diarios de combustibles' | href=https://mem.gob.gt/wp-content/uploads/2026/03/PRECIOS-PROMEDIO-NACIONALES-DIARIOS-2026-03-12.xlsx
2026-03-17 05:38:25,376 | INFO | CSV histórico actualizado con 9485 filas desde https://mem.gob.gt/wp-content/uploads/2026/03/PRECIOS-PROMEDIO-NACIONALES-DIARIOS-2026-03-12.xlsx
2026-03-17 05:38:25,441 | INFO | Actualización completada. Filas: 9485 | Fuente: https://mem.gob.gt/wp-content/uploads/2026/03/PRECIOS-PROMEDIO-NACIONALES-DIARIOS-2026-03-12.xlsx
2026-03-17 14:50:35,808 | INFO | Enlace del MEM detectado: texto='Precios diarios de combustibles' | href=https://mem.gob.gt/wp-content/uploads/2026/03/PRECIOS-PROMEDIO-NACIONALES-DIARIOS-2026-03-12.xlsx
2026-03-17 14:50:36,094 | INFO | CSV histórico actualizado con 9485 filas desde https://mem.gob.gt/wp-content/uploads/2026/03/PRECIOS-PROMEDIO-NACIONALES-DIARIOS-2026-03-12.xlsx
2026-03-17 14:50:36,160 | INFO | Actualización completada. Filas: 9485 | Fuente: https://mem.gob.gt/wp-content/uploads/2026/03/PRECIOS-PROMEDIO-NACIONALES-DIARIOS-2026-03-12.xlsx
2026-03-17 22:46:39,618 | INFO | Enlace del MEM detectado: texto='Precios diarios de combustibles' | href=https://mem.gob.gt/wp-content/uploads/2026/03/PRECIOS-PROMEDIO-NACIONALES-DIARIOS-2026-03-12.xlsx
2026-03-17 22:46:40,114 | INFO | CSV histórico actualizado con 9485 filas desde https://mem.gob.gt/wp-content/uploads/2026/03/PRECIOS-PROMEDIO-NACIONALES-DIARIOS-2026-03-12.xlsx
2026-03-17 22:46:40,181 | INFO | Actualización completada. Filas: 9485 | Fuente: https://mem.gob.gt/wp-content/uploads/2026/03/PRECIOS-PROMEDIO-NACIONALES-DIARIOS-2026-03-12.xlsx
2026-03-18 15:35:06,594 | INFO | Enlace del MEM detectado: texto='Precios diarios de combustibles' | href=https://mem.gob.gt/wp-content/uploads/2026/03/Precios-Promedio-Nacionales-Diarios-2026-1-1.xlsx
2026-03-18 15:35:07,213 | INFO | CSV histórico actualizado con 9510 filas desde https://mem.gob.gt/wp-content/uploads/2026/03/Precios-Promedio-Nacionales-Diarios-2026-1-1.xlsx
2026-03-18 15:35:07,279 | INFO | Actualización completada. Filas: 9510 | Fuente: https://mem.gob.gt/wp-content/uploads/2026/03/Precios-Promedio-Nacionales-Diarios-2026-1-1.xlsx
2026-03-19 14:42:34,663 | INFO | Enlace del MEM detectado: texto='Precios diarios de combustibles' | href=https://mem.gob.gt/wp-content/uploads/2026/03/Precios-Promedio-Nacionales-Diarios-2026-1-1.xlsx
2026-03-19 14:42:35,280 | INFO | CSV histórico actualizado con 9510 filas desde https://mem.gob.gt/wp-content/uploads/2026/03/Precios-Promedio-Nacionales-Diarios-2026-1-1.xlsx
2026-03-19 14:42:35,344 | INFO | Actualización completada. Filas: 9510 | Fuente: https://mem.gob.gt/wp-content/uploads/2026/03/Precios-Promedio-Nacionales-Diarios-2026-1-1.xlsx
2026-03-20 18:21:45,898 | INFO | Enlace del MEM detectado: texto='Precios diarios de combustibles' | href=https://mem.gob.gt/wp-content/uploads/2026/03/Precios-Promedio-Nacionales-Diarios-2026-1-1.xlsx
2026-03-20 18:21:46,532 | INFO | CSV histórico actualizado con 9510 filas desde https://mem.gob.gt/wp-content/uploads/2026/03/Precios-Promedio-Nacionales-Diarios-2026-1-1.xlsx
2026-03-20 18:21:46,597 | INFO | Actualización completada. Filas: 9510 | Fuente: https://mem.gob.gt/wp-content/uploads/2026/03/Precios-Promedio-Nacionales-Diarios-2026-1-1.xlsx
2026-03-20 19:20:31,265 | INFO | Histórico existente: 9510 filas
2026-03-20 19:20:31,676 | INFO | API MEM: 3 filas extraídas para fecha 2026-03-19 (tipo_cambio=Q7.663)
2026-03-20 19:20:31,750 | INFO | URL del Excel obtenida vía API: https://mem.gob.gt/wp-content/uploads/2026/03/Precios-Promedio-Nacionales-Diarios-2026-1-1.xlsx
2026-03-20 19:20:32,292 | INFO | Excel MEM: 9510 filas extraídas
2026-03-20 19:20:32,342 | INFO | CSV actualizado: 9513 filas totales (3 nuevas) | fuente Excel: https://mem.gob.gt/wp-content/uploads/2026/03/Precios-Promedio-Nacionales-Diarios-2026-1-1.xlsx
2026-03-20 19:20:32,408 | INFO | Actualización completada. Filas: 9513 | Fuente: https://mem.gob.gt/wp-content/uploads/2026/03/Precios-Promedio-Nacionales-Diarios-2026-1-1.xlsx
2026-03-21 14:20:24,307 | INFO | Histórico existente: 9513 filas
2026-03-21 14:20:24,954 | INFO | API MEM: 3 filas extraídas para fecha 2026-03-19 (tipo_cambio=Q7.663)
2026-03-21 14:20:25,020 | INFO | URL del Excel obtenida vía API: https://mem.gob.gt/wp-content/uploads/2026/03/Precios-Promedio-Nacionales-Diarios-2026-1-1.xlsx
2026-03-21 14:20:25,390 | INFO | Excel MEM: 9510 filas extraídas
2026-03-21 14:20:25,430 | INFO | CSV actualizado: 9513 filas totales (0 nuevas) | fuente Excel: https://mem.gob.gt/wp-content/uploads/2026/03/Precios-Promedio-Nacionales-Diarios-2026-1-1.xlsx
2026-03-21 14:20:25,493 | INFO | Actualización completada. Filas: 9513 | Fuente: https://mem.gob.gt/wp-content/uploads/2026/03/Precios-Promedio-Nacionales-Diarios-2026-1-1.xlsx
2026-03-23 14:50:39,683 | INFO | Histórico existente: 9513 filas
2026-03-23 14:50:40,353 | INFO | API MEM: 3 filas extraídas para fecha 2026-03-19 (tipo_cambio=Q7.663)
2026-03-23 14:50:40,425 | INFO | URL del Excel obtenida vía API: https://mem.gob.gt/wp-content/uploads/2026/03/Precios-Promedio-Nacionales-Diarios-2026-1-1.xlsx
2026-03-23 14:50:40,845 | INFO | Excel MEM: 9510 filas extraídas
2026-03-23 14:50:40,884 | INFO | CSV actualizado: 9513 filas totales (0 nuevas) | fuente Excel: https://mem.gob.gt/wp-content/uploads/2026/03/Precios-Promedio-Nacionales-Diarios-2026-1-1.xlsx
2026-03-23 14:50:40,948 | INFO | Actualización completada. Filas: 9513 | Fuente: https://mem.gob.gt/wp-content/uploads/2026/03/Precios-Promedio-Nacionales-Diarios-2026-1-1.xlsx
2026-03-24 01:21:53,080 | INFO | Histórico existente: 9513 filas
2026-03-24 01:21:53,665 | INFO | API MEM: 3 filas extraídas para fecha 2026-03-23 (tipo_cambio=Q7.663)
2026-03-24 01:21:53,712 | INFO | URL del Excel obtenida vía API: https://mem.gob.gt/wp-content/uploads/2026/03/Precios-Promedio-Nacionales-Diarios-2026-1-1.xlsx
2026-03-24 01:21:54,090 | INFO | Excel MEM: 9510 filas extraídas
2026-03-24 01:21:54,130 | INFO | CSV actualizado: 9516 filas totales (3 nuevas) | fuente Excel: https://mem.gob.gt/wp-content/uploads/2026/03/Precios-Promedio-Nacionales-Diarios-2026-1-1.xlsx
2026-03-24 01:21:54,192 | INFO | Actualización completada. Filas: 9516 | Fuente: https://mem.gob.gt/wp-content/uploads/2026/03/Precios-Promedio-Nacionales-Diarios-2026-1-1.xlsx
2026-03-25 14:54:08,180 | INFO | Histórico existente: 9516 filas
2026-03-25 14:54:08,920 | INFO | API MEM: 3 filas extraídas para fecha 2026-03-23 (tipo_cambio=Q7.663)
2026-03-25 14:54:09,000 | INFO | URL del Excel obtenida vía API: https://mem.gob.gt/wp-content/uploads/2026/03/Precios-Promedio-Nacionales-Diarios-2026-1-1.xlsx
2026-03-25 14:54:09,462 | INFO | Excel MEM: 9510 filas extraídas
2026-03-25 14:54:09,506 | INFO | CSV actualizado: 9516 filas totales (0 nuevas) | fuente Excel: https://mem.gob.gt/wp-content/uploads/2026/03/Precios-Promedio-Nacionales-Diarios-2026-1-1.xlsx
2026-03-25 14:54:09,572 | INFO | Actualización completada. Filas: 9516 | Fuente: https://mem.gob.gt/wp-content/uploads/2026/03/Precios-Promedio-Nacionales-Diarios-2026-1-1.xlsx
2026-03-27 14:44:23,735 | INFO | Histórico existente: 9516 filas
2026-03-27 14:44:24,334 | INFO | API MEM: 3 filas extraídas para fecha 2026-03-26 (tipo_cambio=Q7.663)
2026-03-27 14:44:24,421 | INFO | URL del Excel obtenida vía API: https://mem.gob.gt/wp-content/uploads/2026/03/Precios-Promedio-Nacionales-Diarios-2026-2.xlsx
2026-03-27 14:44:24,680 | INFO | Excel MEM: 9550 filas extraídas
2026-03-27 14:44:24,720 | INFO | CSV actualizado: 9553 filas totales (37 nuevas) | fuente Excel: https://mem.gob.gt/wp-content/uploads/2026/03/Precios-Promedio-Nacionales-Diarios-2026-2.xlsx
2026-03-27 14:44:24,785 | INFO | Actualización completada. Filas: 9553 | Fuente: https://mem.gob.gt/wp-content/uploads/2026/03/Precios-Promedio-Nacionales-Diarios-2026-2.xlsx
2026-03-29 14:28:05,513 | INFO | Histórico existente: 9553 filas
2026-03-29 14:28:06,181 | INFO | API MEM: 3 filas extraídas para fecha 2026-03-26 (tipo_cambio=Q7.663)
2026-03-29 14:28:06,255 | INFO | URL del Excel obtenida vía API: https://mem.gob.gt/wp-content/uploads/2026/03/Precios-Promedio-Nacionales-Diarios-2026-2.xlsx
2026-03-29 14:28:06,737 | INFO | Excel MEM: 9550 filas extraídas
2026-03-29 14:28:06,776 | INFO | CSV actualizado: 9553 filas totales (0 nuevas) | fuente Excel: https://mem.gob.gt/wp-content/uploads/2026/03/Precios-Promedio-Nacionales-Diarios-2026-2.xlsx
2026-03-29 14:28:06,840 | INFO | Actualización completada. Filas: 9553 | Fuente: https://mem.gob.gt/wp-content/uploads/2026/03/Precios-Promedio-Nacionales-Diarios-2026-2.xlsx
2026-03-31 01:35:28,199 | INFO | Histórico existente: 9553 filas
2026-03-31 01:35:28,865 | INFO | API MEM: 3 filas extraídas para fecha 2026-03-30 (tipo_cambio=Q7.663)
2026-03-31 01:35:28,950 | INFO | URL del Excel obtenida vía API: https://mem.gob.gt/wp-content/uploads/2026/03/Precios-Promedio-Nacionales-Diarios-2026-3.xlsx
2026-03-31 01:35:29,590 | INFO | Excel MEM: 9575 filas extraídas
2026-03-31 01:35:29,629 | INFO | CSV actualizado: 9575 filas totales (22 nuevas) | fuente Excel: https://mem.gob.gt/wp-content/uploads/2026/03/Precios-Promedio-Nacionales-Diarios-2026-3.xlsx
2026-03-31 01:35:29,691 | INFO | Actualización completada. Filas: 9575 | Fuente: https://mem.gob.gt/wp-content/uploads/2026/03/Precios-Promedio-Nacionales-Diarios-2026-3.xlsx
2026-03-31 14:55:20,899 | INFO | Histórico existente: 9575 filas
2026-03-31 14:55:21,565 | INFO | API MEM: 3 filas extraídas para fecha 2026-03-30 (tipo_cambio=Q7.663)
2026-03-31 14:55:21,652 | INFO | URL del Excel obtenida vía API: https://mem.gob.gt/wp-content/uploads/2026/03/Precios-Promedio-Nacionales-Diarios-2026-3.xlsx
2026-03-31 14:55:21,969 | INFO | Excel MEM: 9575 filas extraídas
2026-03-31 14:55:22,009 | INFO | CSV actualizado: 9575 filas totales (0 nuevas) | fuente Excel: https://mem.gob.gt/wp-content/uploads/2026/03/Precios-Promedio-Nacionales-Diarios-2026-3.xlsx
2026-03-31 14:55:22,080 | INFO | Actualización completada. Filas: 9575 | Fuente: https://mem.gob.gt/wp-content/uploads/2026/03/Precios-Promedio-Nacionales-Diarios-2026-3.xlsx
2026-04-01 14:58:16,477 | INFO | Histórico existente: 9575 filas
2026-04-01 14:58:17,039 | INFO | API MEM: 3 filas extraídas para fecha 2026-03-30 (tipo_cambio=Q7.663)
2026-04-01 14:58:17,088 | INFO | URL del Excel obtenida vía API: https://mem.gob.gt/wp-content/uploads/2026/03/Precios-Promedio-Nacionales-Diarios-2026-3.xlsx
2026-04-01 14:58:17,517 | INFO | Excel MEM: 9575 filas extraídas
2026-04-01 14:58:17,556 | INFO | CSV actualizado: 9575 filas totales (0 nuevas) | fuente Excel: https://mem.gob.gt/wp-content/uploads/2026/03/Precios-Promedio-Nacionales-Diarios-2026-3.xlsx
2026-04-01 14:58:17,616 | INFO | Actualización completada. Filas: 9575 | Fuente: https://mem.gob.gt/wp-content/uploads/2026/03/Precios-Promedio-Nacionales-Diarios-2026-3.xlsx
2026-04-03 14:37:52,929 | INFO | Histórico existente: 9575 filas
2026-04-03 14:37:53,546 | INFO | API MEM: 3 filas extraídas para fecha 2026-03-30 (tipo_cambio=Q7.663)
2026-04-03 14:37:53,636 | INFO | URL del Excel obtenida vía API: https://mem.gob.gt/wp-content/uploads/2026/03/Precios-Promedio-Nacionales-Diarios-2026-3.xlsx
2026-04-03 14:37:54,319 | INFO | Excel MEM: 9575 filas extraídas
2026-04-03 14:37:54,358 | INFO | CSV actualizado: 9575 filas totales (0 nuevas) | fuente Excel: https://mem.gob.gt/wp-content/uploads/2026/03/Precios-Promedio-Nacionales-Diarios-2026-3.xlsx
2026-04-03 14:37:54,420 | INFO | Actualización completada. Filas: 9575 | Fuente: https://mem.gob.gt/wp-content/uploads/2026/03/Precios-Promedio-Nacionales-Diarios-2026-3.xlsx
2026-04-05 14:29:18,139 | INFO | Histórico existente: 9575 filas
2026-04-05 14:29:18,811 | INFO | API MEM: 3 filas extraídas para fecha 2026-03-30 (tipo_cambio=Q7.663)
2026-04-05 14:29:18,885 | INFO | URL del Excel obtenida vía API: https://mem.gob.gt/wp-content/uploads/2026/03/Precios-Promedio-Nacionales-Diarios-2026-3.xlsx
2026-04-05 14:29:19,287 | INFO | Excel MEM: 9575 filas extraídas
2026-04-05 14:29:19,325 | INFO | CSV actualizado: 9575 filas totales (0 nuevas) | fuente Excel: https://mem.gob.gt/wp-content/uploads/2026/03/Precios-Promedio-Nacionales-Diarios-2026-3.xlsx
2026-04-05 14:29:19,386 | INFO | Actualización completada. Filas: 9575 | Fuente: https://mem.gob.gt/wp-content/uploads/2026/03/Precios-Promedio-Nacionales-Diarios-2026-3.xlsx
2026-04-06 21:10:20,036 | INFO | Histórico existente: 9575 filas
2026-04-06 21:10:20,628 | INFO | API MEM: 3 filas extraídas para fecha 2026-04-06 (tipo_cambio=Q7.663)
2026-04-06 21:10:20,693 | INFO | URL del Excel obtenida vía API: https://mem.gob.gt/wp-content/uploads/2026/03/Precios-Promedio-Nacionales-Diarios-2026-3.xlsx
2026-04-06 21:10:21,083 | INFO | Excel MEM: 9575 filas extraídas
2026-04-06 21:10:21,121 | INFO | CSV actualizado: 9578 filas totales (3 nuevas) | fuente Excel: https://mem.gob.gt/wp-content/uploads/2026/03/Precios-Promedio-Nacionales-Diarios-2026-3.xlsx
2026-04-06 21:10:21,181 | INFO | Actualización completada. Filas: 9578 | Fuente: https://mem.gob.gt/wp-content/uploads/2026/03/Precios-Promedio-Nacionales-Diarios-2026-3.xlsx
2026-04-07 15:01:39,759 | INFO | Histórico existente: 9578 filas
2026-04-07 15:01:40,556 | INFO | API MEM: 3 filas extraídas para fecha 2026-04-06 (tipo_cambio=Q7.663)
2026-04-07 15:01:40,648 | INFO | URL del Excel obtenida vía API: https://mem.gob.gt/wp-content/uploads/2026/03/Precios-Promedio-Nacionales-Diarios-2026-3.xlsx
2026-04-07 15:01:40,901 | INFO | Excel MEM: 9575 filas extraídas
2026-04-07 15:01:40,939 | INFO | CSV actualizado: 9578 filas totales (0 nuevas) | fuente Excel: https://mem.gob.gt/wp-content/uploads/2026/03/Precios-Promedio-Nacionales-Diarios-2026-3.xlsx
2026-04-07 15:01:41,001 | INFO | Actualización completada. Filas: 9578 | Fuente: https://mem.gob.gt/wp-content/uploads/2026/03/Precios-Promedio-Nacionales-Diarios-2026-3.xlsx
2026-04-09 15:15:50,570 | INFO | Histórico existente: 9578 filas
2026-04-09 15:15:51,089 | INFO | API MEM: 3 filas extraídas para fecha 2026-04-06 (tipo_cambio=Q7.663)
2026-04-09 15:15:51,125 | INFO | URL del Excel obtenida vía API: https://mem.gob.gt/wp-content/uploads/2026/04/Precios-Promedio-Nacionales-Diarios-2026.xlsx
2026-04-09 15:15:51,516 | INFO | Excel MEM: 9615 filas extraídas
2026-04-09 15:15:51,554 | INFO | CSV actualizado: 9615 filas totales (37 nuevas) | fuente Excel: https://mem.gob.gt/wp-content/uploads/2026/04/Precios-Promedio-Nacionales-Diarios-2026.xlsx
2026-04-09 15:15:51,614 | INFO | Actualización completada. Filas: 9615 | Fuente: https://mem.gob.gt/wp-content/uploads/2026/04/Precios-Promedio-Nacionales-Diarios-2026.xlsx
2026-04-09 23:18:59,727 | INFO | Histórico existente: 9615 filas
2026-04-09 23:19:00,448 | INFO | API MEM: 3 filas extraídas para fecha 2026-04-09 (tipo_cambio=Q7.663)
2026-04-09 23:19:00,532 | INFO | URL del Excel obtenida vía API: https://mem.gob.gt/wp-content/uploads/2026/04/Precios-Promedio-Nacionales-Diarios-2026.xlsx
2026-04-09 23:19:00,990 | INFO | Excel MEM: 9615 filas extraídas
2026-04-09 23:19:01,030 | INFO | CSV actualizado: 9618 filas totales (3 nuevas) | fuente Excel: https://mem.gob.gt/wp-content/uploads/2026/04/Precios-Promedio-Nacionales-Diarios-2026.xlsx
2026-04-09 23:19:01,092 | INFO | Actualización completada. Filas: 9618 | Fuente: https://mem.gob.gt/wp-content/uploads/2026/04/Precios-Promedio-Nacionales-Diarios-2026.xlsx
2026-04-11 14:30:41,313 | INFO | Histórico existente: 9618 filas
2026-04-11 14:30:41,968 | INFO | API MEM: 3 filas extraídas para fecha 2026-04-09 (tipo_cambio=Q7.663)
2026-04-11 14:30:42,036 | INFO | URL del Excel obtenida vía API: https://mem.gob.gt/wp-content/uploads/2026/04/Precios-Promedio-Nacionales-Diarios-2026.xlsx
2026-04-11 14:30:42,580 | INFO | Excel MEM: 9615 filas extraídas
2026-04-11 14:30:42,619 | INFO | CSV actualizado: 9618 filas totales (0 nuevas) | fuente Excel: https://mem.gob.gt/wp-content/uploads/2026/04/Precios-Promedio-Nacionales-Diarios-2026.xlsx
2026-04-11 14:30:42,680 | INFO | Actualización completada. Filas: 9618 | Fuente: https://mem.gob.gt/wp-content/uploads/2026/04/Precios-Promedio-Nacionales-Diarios-2026.xlsx
2026-04-13 15:09:55,128 | INFO | Histórico existente: 9618 filas
2026-04-13 15:09:55,635 | INFO | API MEM: 3 filas extraídas para fecha 2026-04-09 (tipo_cambio=Q7.663)
2026-04-13 15:09:55,718 | INFO | URL del Excel obtenida vía API: https://mem.gob.gt/wp-content/uploads/2026/04/Precios-Promedio-Nacionales-Diarios-2026.xlsx
2026-04-13 15:09:56,011 | INFO | Excel MEM: 9615 filas extraídas
2026-04-13 15:09:56,048 | INFO | CSV actualizado: 9618 filas totales (0 nuevas) | fuente Excel: https://mem.gob.gt/wp-content/uploads/2026/04/Precios-Promedio-Nacionales-Diarios-2026.xlsx
2026-04-13 15:09:56,110 | INFO | Actualización completada. Filas: 9618 | Fuente: https://mem.gob.gt/wp-content/uploads/2026/04/Precios-Promedio-Nacionales-Diarios-2026.xlsx
2026-04-14 21:28:35,647 | INFO | Histórico existente: 9618 filas
2026-04-14 21:28:36,274 | INFO | API MEM: 3 filas extraídas para fecha 2026-04-13 (tipo_cambio=Q7.663)
2026-04-14 21:28:36,358 | INFO | URL del Excel obtenida vía API: https://mem.gob.gt/wp-content/uploads/2026/04/Precios-Promedio-Nacionales-Diarios-2026-1.xlsx
2026-04-14 21:28:36,608 | INFO | Excel MEM: 9650 filas extraídas
2026-04-14 21:28:36,646 | INFO | CSV actualizado: 9650 filas totales (32 nuevas) | fuente Excel: https://mem.gob.gt/wp-content/uploads/2026/04/Precios-Promedio-Nacionales-Diarios-2026-1.xlsx
2026-04-14 21:28:36,707 | INFO | Actualización completada. Filas: 9650 | Fuente: https://mem.gob.gt/wp-content/uploads/2026/04/Precios-Promedio-Nacionales-Diarios-2026-1.xlsx
2026-04-15 15:00:33,719 | INFO | Histórico existente: 9650 filas
2026-04-15 15:00:34,400 | INFO | API MEM: 3 filas extraídas para fecha 2026-04-13 (tipo_cambio=Q7.663)
2026-04-15 15:00:34,474 | INFO | URL del Excel obtenida vía API: https://mem.gob.gt/wp-content/uploads/2026/04/Precios-Promedio-Nacionales-Diarios-2026-1.xlsx
2026-04-15 15:00:34,881 | INFO | Excel MEM: 9650 filas extraídas
2026-04-15 15:00:34,921 | INFO | CSV actualizado: 9650 filas totales (0 nuevas) | fuente Excel: https://mem.gob.gt/wp-content/uploads/2026/04/Precios-Promedio-Nacionales-Diarios-2026-1.xlsx
2026-04-15 15:00:34,984 | INFO | Actualización completada. Filas: 9650 | Fuente: https://mem.gob.gt/wp-content/uploads/2026/04/Precios-Promedio-Nacionales-Diarios-2026-1.xlsx
2026-04-17 13:25:13,232 | INFO | Histórico existente: 9650 filas
2026-04-17 13:25:13,933 | INFO | API MEM: 3 filas extraídas para fecha 2026-04-16 (tipo_cambio=Q7.663)
2026-04-17 13:25:14,005 | INFO | URL del Excel obtenida vía API: https://mem.gob.gt/wp-content/uploads/2026/04/Precios-Promedio-Nacionales-Diarios-2026-1.xlsx
2026-04-17 13:25:14,563 | INFO | Excel MEM: 9650 filas extraídas
2026-04-17 13:25:14,602 | INFO | CSV actualizado: 9653 filas totales (3 nuevas) | fuente Excel: https://mem.gob.gt/wp-content/uploads/2026/04/Precios-Promedio-Nacionales-Diarios-2026-1.xlsx
2026-04-17 13:25:14,665 | INFO | Actualización completada. Filas: 9653 | Fuente: https://mem.gob.gt/wp-content/uploads/2026/04/Precios-Promedio-Nacionales-Diarios-2026-1.xlsx
2026-04-17 14:49:22,196 | INFO | Histórico existente: 9653 filas
2026-04-17 14:49:22,891 | INFO | API MEM: 3 filas extraídas para fecha 2026-04-16 (tipo_cambio=Q7.663)
2026-04-17 14:49:22,941 | INFO | URL del Excel obtenida vía API: https://mem.gob.gt/wp-content/uploads/2026/04/Precios-Promedio-Nacionales-Diarios-2026-1.xlsx
2026-04-17 14:49:23,243 | INFO | Excel MEM: 9650 filas extraídas
2026-04-17 14:49:23,282 | INFO | CSV actualizado: 9653 filas totales (0 nuevas) | fuente Excel: https://mem.gob.gt/wp-content/uploads/2026/04/Precios-Promedio-Nacionales-Diarios-2026-1.xlsx
2026-04-17 14:49:23,343 | INFO | Actualización completada. Filas: 9653 | Fuente: https://mem.gob.gt/wp-content/uploads/2026/04/Precios-Promedio-Nacionales-Diarios-2026-1.xlsx
2026-04-19 14:36:23,415 | INFO | Histórico existente: 9653 filas
2026-04-19 14:36:24,064 | INFO | API MEM: 3 filas extraídas para fecha 2026-04-16 (tipo_cambio=Q7.663)
2026-04-19 14:36:24,097 | INFO | URL del Excel obtenida vía API: https://mem.gob.gt/wp-content/uploads/2026/04/Precios-Promedio-Nacionales-Diarios-2026-1.xlsx
2026-04-19 14:36:24,428 | INFO | Excel MEM: 9650 filas extraídas
2026-04-19 14:36:24,467 | INFO | CSV actualizado: 9653 filas totales (0 nuevas) | fuente Excel: https://mem.gob.gt/wp-content/uploads/2026/04/Precios-Promedio-Nacionales-Diarios-2026-1.xlsx
2026-04-19 14:36:24,527 | INFO | Actualización completada. Filas: 9653 | Fuente: https://mem.gob.gt/wp-content/uploads/2026/04/Precios-Promedio-Nacionales-Diarios-2026-1.xlsx
